Analyzing petsphere...

  error - lib\features\community\data\adoption_repository.dart:115:60 - The argument type 'dynamic' can't be assigned to the parameter type 'Map<String, dynamic>'.  - argument_type_not_assignable
  error - lib\features\community\data\community_group_repository.dart:62:59 - The argument type 'dynamic' can't be assigned to the parameter type 'Map<String, dynamic>'.  - argument_type_not_assignable
  error - lib\features\community\data\lost_found_repository.dart:103:60 - The argument type 'dynamic' can't be assigned to the parameter type 'Map<String, dynamic>'.  - argument_type_not_assignable
  error - lib\features\health\data\health_repository.dart:23:61 - The argument type 'dynamic' can't be assigned to the parameter type 'Map<String, dynamic>'.  - argument_type_not_assignable
  error - lib\features\health\data\health_repository.dart:55:62 - The argument type 'dynamic' can't be assigned to the parameter type 'Map<String, dynamic>'.  - argument_type_not_assignable
  error - lib\features\health\data\health_repository.dart:70:62 - The argument type 'dynamic' can't be assigned to the parameter type 'Map<String, dynamic>'.  - argument_type_not_assignable
  error - lib\features\health\data\health_repository.dart:120:58 - The argument type 'dynamic' can't be assigned to the parameter type 'Map<String, dynamic>'.  - argument_type_not_assignable
  error - lib\features\health\data\health_repository.dart:151:66 - The argument type 'dynamic' can't be assigned to the parameter type 'Map<String, dynamic>'.  - argument_type_not_assignable
  error - lib\features\health\data\health_repository.dart:180:57 - The argument type 'dynamic' can't be assigned to the parameter type 'Map<String, dynamic>'.  - argument_type_not_assignable
  error - lib\features\health\data\health_repository.dart:207:65 - The argument type 'dynamic' can't be assigned to the parameter type 'Map<String, dynamic>'.  - argument_type_not_assignable
  error - lib\features\health\data\health_repository.dart:241:62 - The argument type 'dynamic' can't be assigned to the parameter type 'Map<String, dynamic>'.  - argument_type_not_assignable
  error - lib\features\health\data\health_repository.dart:305:65 - The argument type 'dynamic' can't be assigned to the parameter type 'Map<String, dynamic>'.  - argument_type_not_assignable
  error - lib\features\health\data\health_repository.dart:319:60 - The argument type 'dynamic' can't be assigned to the parameter type 'Map<String, dynamic>'.  - argument_type_not_assignable
  error - lib\features\health\data\health_repository.dart:338:62 - The argument type 'dynamic' can't be assigned to the parameter type 'Map<String, dynamic>'.  - argument_type_not_assignable
  error - lib\features\health\data\offline_health_repository.dart:32:55 - The argument type 'dynamic' can't be assigned to the parameter type 'Map<String, dynamic>'.  - argument_type_not_assignable
  error - lib\features\health\data\offline_health_repository.dart:42:55 - The argument type 'dynamic' can't be assigned to the parameter type 'Map<String, dynamic>'.  - argument_type_not_assignable
  error - lib\features\health\data\offline_health_repository.dart:62:55 - The argument type 'dynamic' can't be assigned to the parameter type 'Map<String, dynamic>'.  - argument_type_not_assignable
  error - lib\features\marketplace\data\gear_reviews_repository.dart:13:58 - The argument type 'dynamic' can't be assigned to the parameter type 'Map<String, dynamic>'.  - argument_type_not_assignable
  error - lib\features\marketplace\data\offline_marketplace_repository.dart:38:59 - The argument type 'dynamic' can't be assigned to the parameter type 'Map<String, dynamic>'.  - argument_type_not_assignable
  error - lib\features\marketplace\data\offline_marketplace_repository.dart:47:59 - The argument type 'dynamic' can't be assigned to the parameter type 'Map<String, dynamic>'.  - argument_type_not_assignable
  error - lib\features\marketplace\data\offline_marketplace_repository.dart:65:59 - The argument type 'dynamic' can't be assigned to the parameter type 'Map<String, dynamic>'.  - argument_type_not_assignable
  error - lib\features\marketplace\data\offline_marketplace_repository.dart:82:42 - The argument type 'dynamic' can't be assigned to the parameter type 'Map<String, dynamic>'.  - argument_type_not_assignable
  error - lib\features\marketplace\data\offline_marketplace_repository.dart:97:42 - The argument type 'dynamic' can't be assigned to the parameter type 'Map<String, dynamic>'.  - argument_type_not_assignable
  error - lib\features\match\data\search_repository.dart:26:64 - The argument type 'dynamic' can't be assigned to the parameter type 'Map<String, dynamic>'.  - argument_type_not_assignable
  error - lib\features\match\data\search_repository.dart:42:63 - The argument type 'dynamic' can't be assigned to the parameter type 'Map<String, dynamic>'.  - argument_type_not_assignable
  error - lib\features\match\data\search_repository.dart:58:67 - The argument type 'dynamic' can't be assigned to the parameter type 'Map<String, dynamic>'.  - argument_type_not_assignable
  error - lib\features\pet\data\breed_repository.dart:52:57 - The argument type 'dynamic' can't be assigned to the parameter type 'Map<String, dynamic>'.  - argument_type_not_assignable
  error - lib\features\services\data\knowledge_repository.dart:19:64 - The argument type 'dynamic' can't be assigned to the parameter type 'Map<String, dynamic>'.  - argument_type_not_assignable
  error - lib\features\services\data\knowledge_repository.dart:28:64 - The argument type 'dynamic' can't be assigned to the parameter type 'Map<String, dynamic>'.  - argument_type_not_assignable
  error - lib\features\services\data\models\pet_event_models.dart:28:11 - The argument type 'dynamic' can't be assigned to the parameter type 'String'.  - argument_type_not_assignable
  error - lib\features\services\data\models\pet_event_models.dart:29:14 - The argument type 'dynamic' can't be assigned to the parameter type 'String'.  - argument_type_not_assignable
  error - lib\features\services\data\models\pet_event_models.dart:30:20 - The argument type 'dynamic' can't be assigned to the parameter type 'String'.  - argument_type_not_assignable
  error - lib\features\services\data\models\pet_event_models.dart:31:17 - The argument type 'dynamic' can't be assigned to the parameter type 'String?'.  - argument_type_not_assignable
  error - lib\features\services\data\models\pet_event_models.dart:32:33 - The argument type 'dynamic' can't be assigned to the parameter type 'String'.  - argument_type_not_assignable
  error - lib\features\services\data\models\pet_event_models.dart:33:17 - The argument type 'dynamic' can't be assigned to the parameter type 'String?'.  - argument_type_not_assignable
  error - lib\features\services\data\models\pet_event_models.dart:34:18 - The argument type 'dynamic' can't be assigned to the parameter type 'String'.  - argument_type_not_assignable
  error - lib\features\services\data\models\pet_event_models.dart:35:21 - The argument type 'dynamic' can't be assigned to the parameter type 'int?'.  - argument_type_not_assignable
  error - lib\features\services\data\models\pet_event_models.dart:36:20 - The argument type 'dynamic' can't be assigned to the parameter type 'String?'.  - argument_type_not_assignable
  error - lib\features\services\data\models\pet_event_models.dart:37:17 - The argument type 'dynamic' can't be assigned to the parameter type 'bool'.  - argument_type_not_assignable
  error - lib\features\services\data\pet_events_repository.dart:18:63 - The argument type 'dynamic' can't be assigned to the parameter type 'Map<String, dynamic>'.  - argument_type_not_assignable
  error - lib\features\social\data\memorial_repository.dart:13:64 - The argument type 'dynamic' can't be assigned to the parameter type 'Map<String, dynamic>'.  - argument_type_not_assignable
  error - lib\features\social\data\offline_feed_repository.dart:38:56 - The argument type 'dynamic' can't be assigned to the parameter type 'Map<String, dynamic>'.  - argument_type_not_assignable
  error - lib\features\social\data\offline_feed_repository.dart:48:56 - The argument type 'dynamic' can't be assigned to the parameter type 'Map<String, dynamic>'.  - argument_type_not_assignable
  error - lib\features\social\data\offline_feed_repository.dart:62:56 - The argument type 'dynamic' can't be assigned to the parameter type 'Map<String, dynamic>'.  - argument_type_not_assignable
  error - lib\features\social\data\offline_feed_repository.dart:79:39 - The argument type 'dynamic' can't be assigned to the parameter type 'Map<String, dynamic>'.  - argument_type_not_assignable
  error - lib\features\social\data\offline_feed_repository.dart:94:39 - The argument type 'dynamic' can't be assigned to the parameter type 'Map<String, dynamic>'.  - argument_type_not_assignable
  error - lib\features\social\presentation\screens\pet_followers_screen.dart:155:41 - A value of type 'dynamic' can't be assigned to a variable of type 'String'. Try changing the type of the variable, or casting the right-hand type to 'String'. - invalid_assignment
  error - lib\features\social\presentation\screens\pet_followers_screen.dart:157:25 - A value of type 'dynamic' can't be assigned to a variable of type 'String'. Try changing the type of the variable, or casting the right-hand type to 'String'. - invalid_assignment
warning - lib\features\auth\presentation\screens\login_screen.dart:57:5 - The type argument(s) of the function 'showDialog' can't be inferred. Use explicit type argument(s) for 'showDialog'. - inference_failure_on_function_invocation
warning - lib\features\care\data\models\pet_care_log_model.dart:256:24 - The generic type 'Map<dynamic, dynamic>' should have explicit type arguments but doesn't. Use explicit type arguments for 'Map<dynamic, dynamic>'. - strict_raw_type
warning - lib\features\care\presentation\screens\pet_expense_tracker_screen.dart:23:5 - The type argument(s) of the function 'showModalBottomSheet' can't be inferred. Use explicit type argument(s) for 'showModalBottomSheet'. - inference_failure_on_function_invocation
warning - lib\features\care\presentation\screens\pet_expense_tracker_screen.dart:409:5 - The type argument(s) of the function 'showDialog' can't be inferred. Use explicit type argument(s) for 'showDialog'. - inference_failure_on_function_invocation
warning - lib\features\care\presentation\screens\pet_training_screen.dart:191:11 - The type argument(s) of the function 'showModalBottomSheet' can't be inferred. Use explicit type argument(s) for 'showModalBottomSheet'. - inference_failure_on_function_invocation
warning - lib\features\community\data\community_group_repository.dart:91:15 - The type argument(s) of the function 'rpc' can't be inferred. Use explicit type argument(s) for 'rpc'. - inference_failure_on_function_invocation
warning - lib\features\community\presentation\screens\adoption_center_screen.dart:140:5 - The type argument(s) of the function 'showModalBottomSheet' can't be inferred. Use explicit type argument(s) for 'showModalBottomSheet'. - inference_failure_on_function_invocation
warning - lib\features\community\presentation\screens\community_groups_screen.dart:132:5 - The type argument(s) of the function 'showModalBottomSheet' can't be inferred. Use explicit type argument(s) for 'showModalBottomSheet'. - inference_failure_on_function_invocation
warning - lib\features\community\presentation\screens\lost_and_found_screen.dart:95:5 - The type argument(s) of the function 'showModalBottomSheet' can't be inferred. Use explicit type argument(s) for 'showModalBottomSheet'. - inference_failure_on_function_invocation
warning - lib\features\health\presentation\screens\pet_growth_chart_screen.dart:17:5 - The type argument(s) of the function 'showModalBottomSheet' can't be inferred. Use explicit type argument(s) for 'showModalBottomSheet'. - inference_failure_on_function_invocation
warning - lib\features\health\presentation\screens\pet_health_record_export_screen.dart:28:11 - The type argument(s) of the constructor 'Future.delayed' can't be inferred. Use explicit type argument(s) for 'Future.delayed'. - inference_failure_on_instance_creation
warning - lib\features\health\presentation\screens\pet_health_record_export_screen.dart:228:9 - The return type of ' Function(String)' can't be inferred. Declare the return type of ' Function(String)'. - inference_failure_on_function_return_type
warning - lib\features\health\presentation\screens\vet_booking_screen.dart:189:5 - The type argument(s) of the function 'showModalBottomSheet' can't be inferred. Use explicit type argument(s) for 'showModalBottomSheet'. - inference_failure_on_function_invocation
warning - lib\features\health\presentation\screens\vitals_screen.dart:229:5 - The type argument(s) of the function 'showModalBottomSheet' can't be inferred. Use explicit type argument(s) for 'showModalBottomSheet'. - inference_failure_on_function_invocation
warning - lib\features\health\presentation\widgets\allergy_section.dart:88:5 - The type argument(s) of the function 'showModalBottomSheet' can't be inferred. Use explicit type argument(s) for 'showModalBottomSheet'. - inference_failure_on_function_invocation
warning - lib\features\health\presentation\widgets\appointments_section.dart:40:5 - The type argument(s) of the function 'showModalBottomSheet' can't be inferred. Use explicit type argument(s) for 'showModalBottomSheet'. - inference_failure_on_function_invocation
warning - lib\features\health\presentation\widgets\dental_section.dart:110:5 - The type argument(s) of the function 'showModalBottomSheet' can't be inferred. Use explicit type argument(s) for 'showModalBottomSheet'. - inference_failure_on_function_invocation
warning - lib\features\health\presentation\widgets\medications_section.dart:50:5 - The type argument(s) of the function 'showModalBottomSheet' can't be inferred. Use explicit type argument(s) for 'showModalBottomSheet'. - inference_failure_on_function_invocation
warning - lib\features\health\presentation\widgets\parasite_section.dart:102:5 - The type argument(s) of the function 'showModalBottomSheet' can't be inferred. Use explicit type argument(s) for 'showModalBottomSheet'. - inference_failure_on_function_invocation
warning - lib\features\health\presentation\widgets\symptoms_section.dart:93:5 - The type argument(s) of the function 'showModalBottomSheet' can't be inferred. Use explicit type argument(s) for 'showModalBottomSheet'. - inference_failure_on_function_invocation
warning - lib\features\health\presentation\widgets\vaccinations_section.dart:97:5 - The type argument(s) of the function 'showModalBottomSheet' can't be inferred. Use explicit type argument(s) for 'showModalBottomSheet'. - inference_failure_on_function_invocation
warning - lib\features\health\presentation\widgets\vitals_section.dart:207:5 - The type argument(s) of the function 'showModalBottomSheet' can't be inferred. Use explicit type argument(s) for 'showModalBottomSheet'. - inference_failure_on_function_invocation
warning - lib\features\home\presentation\screens\home_screen.dart:605:5 - The type argument(s) of the function 'showModalBottomSheet' can't be inferred. Use explicit type argument(s) for 'showModalBottomSheet'. - inference_failure_on_function_invocation
warning - lib\features\marketplace\presentation\controllers\cart_controller.dart:216:22 - The generic type 'Map<dynamic, dynamic>' should have explicit type arguments but doesn't. Use explicit type arguments for 'Map<dynamic, dynamic>'. - strict_raw_type
warning - lib\features\match\presentation\screens\discovery_screen.dart:1631:3 - The type argument(s) of the function 'showModalBottomSheet' can't be inferred. Use explicit type argument(s) for 'showModalBottomSheet'. - inference_failure_on_function_invocation
warning - lib\features\messaging\presentation\screens\chat_screen.dart:57:5 - The type argument(s) of the function 'showModalBottomSheet' can't be inferred. Use explicit type argument(s) for 'showModalBottomSheet'. - inference_failure_on_function_invocation
warning - lib\features\notifications\presentation\controllers\push_notification_coordinator.dart:54:36 - The type of 'e' can't be inferred; a type must be explicitly provided. Try specifying the type of the parameter. - inference_failure_on_untyped_parameter
warning - lib\features\pet\data\breed_repository.dart:63:11 - The type argument(s) of the constructor 'Future.delayed' can't be inferred. Use explicit type argument(s) for 'Future.delayed'. - inference_failure_on_instance_creation
warning - lib\features\pet\presentation\screens\add_pet_screen.dart:79:5 - The type argument(s) of the function 'showModalBottomSheet' can't be inferred. Use explicit type argument(s) for 'showModalBottomSheet'. - inference_failure_on_function_invocation
warning - lib\features\pet\presentation\screens\pet_breed_identifier_screen.dart:31:5 - The type argument(s) of the function 'showModalBottomSheet' can't be inferred. Use explicit type argument(s) for 'showModalBottomSheet'. - inference_failure_on_function_invocation
warning - lib\features\pet\presentation\screens\pet_profile_screen.dart:984:5 - The type argument(s) of the function 'showModalBottomSheet' can't be inferred. Use explicit type argument(s) for 'showModalBottomSheet'. - inference_failure_on_function_invocation
warning - lib\features\pet\presentation\screens\pet_profile_screen.dart:1090:19 - The type argument(s) of the function 'showDialog' can't be inferred. Use explicit type argument(s) for 'showDialog'. - inference_failure_on_function_invocation
warning - lib\features\pet\presentation\screens\pet_profile_screen.dart:1152:5 - The type argument(s) of the function 'showModalBottomSheet' can't be inferred. Use explicit type argument(s) for 'showModalBottomSheet'. - inference_failure_on_function_invocation
warning - lib\features\pet\presentation\screens\pet_profile_screen.dart:1161:5 - The type argument(s) of the function 'showModalBottomSheet' can't be inferred. Use explicit type argument(s) for 'showModalBottomSheet'. - inference_failure_on_function_invocation
warning - lib\features\pet\presentation\screens\pet_profile_screen.dart:1171:5 - The type argument(s) of the function 'showDialog' can't be inferred. Use explicit type argument(s) for 'showDialog'. - inference_failure_on_function_invocation
warning - lib\features\pet\presentation\screens\pet_profile_screen.dart:1876:5 - The type argument(s) of the function 'showModalBottomSheet' can't be inferred. Use explicit type argument(s) for 'showModalBottomSheet'. - inference_failure_on_function_invocation
warning - lib\features\services\presentation\screens\pet_friendly_places_screen.dart:92:9 - The return type of ' Function(String)' can't be inferred. Declare the return type of ' Function(String)'. - inference_failure_on_function_return_type
warning - lib\features\services\presentation\screens\pet_friendly_places_screen.dart:134:9 - The return type of ' Function(String)' can't be inferred. Declare the return type of ' Function(String)'. - inference_failure_on_function_return_type
warning - lib\features\services\presentation\screens\pet_insurance_hub_screen.dart:36:5 - The type argument(s) of the function 'showModalBottomSheet' can't be inferred. Use explicit type argument(s) for 'showModalBottomSheet'. - inference_failure_on_function_invocation
warning - lib\features\services\presentation\screens\pet_nutrition_planner_screen.dart:17:5 - The type argument(s) of the function 'showModalBottomSheet' can't be inferred. Use explicit type argument(s) for 'showModalBottomSheet'. - inference_failure_on_function_invocation
warning - lib\features\services\presentation\screens\pet_sitter_dashboard_screen.dart:36:5 - The type argument(s) of the function 'showModalBottomSheet' can't be inferred. Use explicit type argument(s) for 'showModalBottomSheet'. - inference_failure_on_function_invocation
warning - lib\features\settings\presentation\screens\settings_screen.dart:120:5 - The type argument(s) of the function 'showDialog' can't be inferred. Use explicit type argument(s) for 'showDialog'. - inference_failure_on_function_invocation
warning - lib\features\settings\presentation\screens\settings_screen.dart:355:5 - The type argument(s) of the function 'showDialog' can't be inferred. Use explicit type argument(s) for 'showDialog'. - inference_failure_on_function_invocation
warning - lib\features\social\presentation\screens\create_post_screen.dart:184:5 - The type argument(s) of the function 'showModalBottomSheet' can't be inferred. Use explicit type argument(s) for 'showModalBottomSheet'. - inference_failure_on_function_invocation
warning - lib\features\social\presentation\screens\create_story_screen.dart:51:5 - The type argument(s) of the function 'showModalBottomSheet' can't be inferred. Use explicit type argument(s) for 'showModalBottomSheet'. - inference_failure_on_function_invocation
warning - lib\features\social\presentation\screens\post_detail_screen.dart:266:5 - The type argument(s) of the function 'showDialog' can't be inferred. Use explicit type argument(s) for 'showDialog'. - inference_failure_on_function_invocation
warning - lib\features\social\presentation\screens\post_detail_screen.dart:317:5 - The type argument(s) of the function 'showDialog' can't be inferred. Use explicit type argument(s) for 'showDialog'. - inference_failure_on_function_invocation
warning - lib\features\social\presentation\screens\post_detail_screen.dart:381:5 - The type argument(s) of the function 'showModalBottomSheet' can't be inferred. Use explicit type argument(s) for 'showModalBottomSheet'. - inference_failure_on_function_invocation
warning - lib\features\social\presentation\widgets\post_card.dart:66:5 - The type argument(s) of the function 'showModalBottomSheet' can't be inferred. Use explicit type argument(s) for 'showModalBottomSheet'. - inference_failure_on_function_invocation
warning - lib\features\social\utils\post_actions.dart:8:3 - The type argument(s) of the function 'showDialog' can't be inferred. Use explicit type argument(s) for 'showDialog'. - inference_failure_on_function_invocation
warning - lib\features\social\utils\post_actions.dart:44:3 - The type argument(s) of the function 'showDialog' can't be inferred. Use explicit type argument(s) for 'showDialog'. - inference_failure_on_function_invocation

99 issues found.
